%!Adobe-FontList 1.23
%Locale:0x409

%BeginFont
Handler:DirectoryHandler
FontType:Invalid
OutlineFileName:/Users/che/Documents/ARCHIVE/JOEL/JOEL TRANSPORT/WORKING FILES/CI/JOEL TRANSPORT CI 0722 Folder/Document fonts/AdobeFnt23.lst
FileLength:5372
FileModTime:680618874
%EndFont

%BeginFont
Handler:DirectoryHandler
FontType:Type1
FontName:ArcaMajora3-Bold
FamilyName:Arca Majora 3
StyleName:Bold
MenuName:Arca Majora 3 Bold
StyleBits:0
WeightClass:700
WidthClass:5
AngleClass:0
FullName:Arca Majora 3 Bold
WritingScript:Roman
OutlineFileName:/Users/che/Documents/ARCHIVE/JOEL/JOEL TRANSPORT/WORKING FILES/CI/JOEL TRANSPORT CI 0722 Folder/Document fonts/ArcaMajora3-Bold.otf
DataFormat:sfntData
UsesStandardEncoding:yes
isCFF:yes
hasSVG:no
VariableFontType:NonVariableFont
FileLength:29568
FileModTime:495308615
NameArray:0,Mac,4,Arca Majora 3 Bold
NameArray:0,Win,1,Arca Majora 3 Bold
NameArray:0,Win,16,Arca Majora 3
%EndFont

%BeginFont
Handler:DirectoryHandler
FontType:Type1
FontName:ArcaMajora3-Heavy
FamilyName:Arca Majora 3
StyleName:Heavy
MenuName:Arca Majora 3 Heavy
StyleBits:0
WeightClass:900
WidthClass:5
AngleClass:0
FullName:Arca Majora 3 Heavy
WritingScript:Roman
OutlineFileName:/Users/che/Documents/ARCHIVE/JOEL/JOEL TRANSPORT/WORKING FILES/CI/JOEL TRANSPORT CI 0722 Folder/Document fonts/ArcaMajora3-Heavy.otf
DataFormat:sfntData
UsesStandardEncoding:yes
isCFF:yes
hasSVG:no
VariableFontType:NonVariableFont
FileLength:29936
FileModTime:495308615
NameArray:0,Mac,4,Arca Majora 3 Heavy
NameArray:0,Win,1,Arca Majora 3 Heavy
NameArray:0,Win,16,Arca Majora 3
%EndFont

%BeginFont
Handler:DirectoryHandler
FontType:TrueType
FontName:FuturaBT-LightCondensed
FamilyName:Futura LtCn BT
StyleName:Light
MenuName:Futura LtCn BT
StyleBits:0
WeightClass:400
WidthClass:3
AngleClass:0
FullName:Futura Light Condensed BT
WritingScript:Roman
OutlineFileName:/Users/che/Documents/ARCHIVE/JOEL/JOEL TRANSPORT/WORKING FILES/CI/JOEL TRANSPORT CI 0722 Folder/Document fonts/Futura Light font.ttf
DataFormat:sfntData
hasSVG:no
VariableFontType:NonVariableFont
FileLength:35704
FileModTime:490761652
NameArray:0,Mac,4,Futura Light Condensed BT
NameArray:0,Win,1,Futura LtCn BT
%EndFont

%BeginFont
Handler:DirectoryHandler
FontType:Type1
FontName:Futura-CondensedLight
FamilyName:Futura
StyleName:Light Condensed
MenuName:Futura CondensedLight
StyleBits:0
WeightClass:300
WidthClass:3
AngleClass:0
FullName:Futura Light Condensed
WritingScript:Roman
OutlineFileName:/Users/che/Documents/ARCHIVE/JOEL/JOEL TRANSPORT/WORKING FILES/CI/JOEL TRANSPORT CI 0722 Folder/Document fonts/Futura-CondensedLight.otf
DataFormat:sfntData
UsesStandardEncoding:yes
isCFF:yes
hasSVG:no
VariableFontType:NonVariableFont
FileLength:17072
FileModTime:490761654
NameArray:0,Mac,18,Futura CondensedLight
NameArray:0,Mac,4,Futura Light Condensed
NameArray:0,Win,1,Futura CondensedLight
NameArray:0,Win,16,Futura
%EndFont

%BeginFont
Handler:DirectoryHandler
FontType:TrueType
FontName:Futura-Bold
FamilyName:Futura
StyleName:Bold
MenuName:Futura
StyleBits:2
WeightClass:700
WidthClass:5
AngleClass:0
FullName:Futura Bold
WritingScript:Roman
OutlineFileName:/Users/che/Documents/ARCHIVE/JOEL/JOEL TRANSPORT/WORKING FILES/CI/JOEL TRANSPORT CI 0722 Folder/Document fonts/Futura.ttc
TTCOffset:612
DataFormat:sfntData
hasSVG:no
VariableFontType:NonVariableFont
FileLength:486592
FileModTime:680618873
NameArray:0,Mac,4,Futura Bold
%EndFont

%BeginFont
Handler:DirectoryHandler
FontType:TrueType
FontName:Futura-CondensedExtraBold
FamilyName:Futura
StyleName:Condensed ExtraBold
MenuName:Futura
StyleBits:2
WeightClass:800
WidthClass:3
AngleClass:0
FullName:Futura Condensed ExtraBold
WritingScript:Roman
OutlineFileName:/Users/che/Documents/ARCHIVE/JOEL/JOEL TRANSPORT/WORKING FILES/CI/JOEL TRANSPORT CI 0722 Folder/Document fonts/Futura.ttc
TTCOffset:1196
DataFormat:sfntData
hasSVG:no
VariableFontType:NonVariableFont
FileLength:486592
FileModTime:680618873
NameArray:0,Mac,4,Futura Condensed ExtraBold
%EndFont

%BeginFont
Handler:DirectoryHandler
FontType:TrueType
FontName:Futura-CondensedMedium
FamilyName:Futura
StyleName:Condensed Medium
MenuName:Futura
StyleBits:0
WeightClass:500
WidthClass:3
AngleClass:0
FullName:Futura Condensed Medium
WritingScript:Roman
OutlineFileName:/Users/che/Documents/ARCHIVE/JOEL/JOEL TRANSPORT/WORKING FILES/CI/JOEL TRANSPORT CI 0722 Folder/Document fonts/Futura.ttc
TTCOffset:912
DataFormat:sfntData
hasSVG:no
VariableFontType:NonVariableFont
FileLength:486592
FileModTime:680618873
NameArray:0,Mac,4,Futura Condensed Medium
%EndFont

%BeginFont
Handler:DirectoryHandler
FontType:TrueType
FontName:Futura-Medium
FamilyName:Futura
StyleName:Medium
MenuName:Futura
StyleBits:0
WeightClass:500
WidthClass:5
AngleClass:0
FullName:Futura Medium
WritingScript:Roman
OutlineFileName:/Users/che/Documents/ARCHIVE/JOEL/JOEL TRANSPORT/WORKING FILES/CI/JOEL TRANSPORT CI 0722 Folder/Document fonts/Futura.ttc
TTCOffset:44
DataFormat:sfntData
hasSVG:no
VariableFontType:NonVariableFont
FileLength:486592
FileModTime:680618873
NameArray:0,Mac,4,Futura Medium
%EndFont

%BeginFont
Handler:DirectoryHandler
FontType:TrueType
FontName:Futura-MediumItalic
FamilyName:Futura
StyleName:Medium Italic
MenuName:Futura
StyleBits:1
WeightClass:500
WidthClass:5
AngleClass:1
FullName:Futura Medium Italic
WritingScript:Roman
OutlineFileName:/Users/che/Documents/ARCHIVE/JOEL/JOEL TRANSPORT/WORKING FILES/CI/JOEL TRANSPORT CI 0722 Folder/Document fonts/Futura.ttc
TTCOffset:328
DataFormat:sfntData
hasSVG:no
VariableFontType:NonVariableFont
FileLength:486592
FileModTime:680618873
NameArray:0,Mac,4,Futura Medium Italic
%EndFont

